---
source: src/rules/tryceratops/mod.rs
expression: diagnostics
---
- kind:
    VerboseRaise: ~
  location:
    row: 20
    column: 14
  end_location:
    row: 20
    column: 15
  fix: ~
  parent: ~

